// Jest Snapshot v1, https://goo.gl/fbAQLP

exports[`PageNotFound renders correctly 1`] = `
<div
  className="card page-not-found-card"
>
  <div
    className="card-image"
  >
    <img
      src="http://res.cloudinary.com/dl37xtqhv/image/upload/v1505237157/error-2129569_1920_wflvai.jpg"
    />
  </div>
  <div
    className="card-content"
  >
    <div
      className="page-not-found-title"
    >
      Page Not Found
    </div>
    <div>
      That page does not exist
    </div>
    <a
      href="/"
      onClick={[Function]}
    >
      <button
        className="button page-not-found-button"
      >
        Return to home page
      </button>
    </a>
  </div>
</div>
`;
