// Jest Snapshot v1, https://goo.gl/fbAQLP

exports[`TopicNavBar renders correctly 1`] = `
<nav
  className="navbar navbar-css"
>
  <div
    className="navbar-brand"
  >
    <span
      className="navbar-item"
    >
      <a
        href="/"
        onClick={[Function]}
      >
        <img
          alt="Northcoders logo"
          className="logo"
          src="https://avatars3.githubusercontent.com/u/6791502?v=3&s=200"
        />
      </a>
    </span>
    <div
      className="navbar-burger  burger"
      onClick={[Function]}
    >
      <div
        className="navbar-burger"
      >
        <span />
        <span />
        <span />
      </div>
    </div>
  </div>
  <div
    className="navbar-menu "
  >
    <div
      className="navbar-start"
    >
      <span
        className="navbar-item"
      >
        <a
          className="navbar-text-css"
          href="/topics/football/articles"
          onClick={[Function]}
          style={undefined}
        >
          <span>
            <strong>
              &lt; FOOTBALL /&gt;
            </strong>
          </span>
        </a>
      </span>
      <span
        className="navbar-item"
      >
        <a
          className="navbar-text-css"
          href="/topics/cooking/articles"
          onClick={[Function]}
          style={undefined}
        >
          <span>
            <strong>
              &lt; COOKING /&gt;
            </strong>
          </span>
        </a>
      </span>
      <span
        className="navbar-item"
      >
        <a
          className="navbar-text-css"
          href="/topics/cats/articles"
          onClick={[Function]}
          style={undefined}
        >
          <span>
            <strong>
              &lt; CATS /&gt;
            </strong>
          </span>
        </a>
      </span>
    </div>
    <div
      className="navbar-end"
    >
      <span
        className="navbar-item"
      >
        <a
          className="user"
          href="/users/northcoder"
          onClick={[Function]}
        >
          <span>
            <img
              className="avatar"
              src="https://avatars3.githubusercontent.com/u/6791502?v=3&s=200"
            />
          </span>
          <span
            className="navbar-user-text"
          >
            <strong>
              northcoder
            </strong>
          </span>
        </a>
      </span>
    </div>
  </div>
</nav>
`;
