// Jest Snapshot v1, https://goo.gl/fbAQLP

exports[`UserRankingCard renders correctly 1`] = `
<div
  className="container-fluid mini-card"
>
  <div
    className="columns is-mobile"
  >
    <div
      className="column is-1 is-hidden-tablet-only"
    >
      <p
        className="user-list-card-number"
      >
        <strong>
          1
        </strong>
      </p>
    </div>
    <div
      className="column is-two-thirds"
    >
      <a
        href="/users/northcoder"
        onClick={[Function]}
      >
        <div>
          <img
            className="user-list-image"
            src="https://avatars3.githubusercontent.com/u/6791502?v=3&s=200"
          />
          <span
            className="user-list-username-text"
          >
            northcoder
          </span>
        </div>
      </a>
    </div>
    <div
      className="column is-3"
    >
      <p
        className="user-list-card-ranking-number"
      >
        50
      </p>
    </div>
  </div>
</div>
`;
