// Jest Snapshot v1, https://goo.gl/fbAQLP

exports[`UserListCard renders correctly 1`] = `
<div
  className="card-box"
>
  <div
    className="container-fluid"
  >
    <div
      className="card"
    >
      <header
        className="card-header"
      >
        <div
          className="card-header-style"
        >
          <div
            className="card-header-title"
          >
            <div
              className="dropdown "
            >
              <div
                className="dropdown-trigger"
              >
                <button
                  aria-controls="dropdown-menu"
                  aria-haspopup="true"
                  className="button is-small is-primary is-inverted is-outlined dropdown-button"
                  onClick={[Function]}
                >
                  <span
                    className="icon"
                  >
                    <i
                      aria-hidden="true"
                      className="fa fa-caret-down"
                    />
                  </span>
                </button>
              </div>
              <div
                className="dropdown-menu"
                id="dropdown-menu"
                role="menu"
              >
                <div
                  className="dropdown-content"
                >
                  <a
                    className="dropdown-item ranking is-active"
                    onClick={[Function]}
                  >
                    Sort by ranking
                  </a>
                  <a
                    className="dropdown-item comments "
                    onClick={[Function]}
                  >
                    Sort by comments
                  </a>
                  <a
                    className="dropdown-item comment-votes "
                    onClick={[Function]}
                  >
                    Sort by comment votes
                  </a>
                  <a
                    className="dropdown-item article-votes "
                    onClick={[Function]}
                  >
                    Sort by article votes
                  </a>
                  <a
                    className="dropdown-item cancel"
                    onClick={[Function]}
                  >
                    Close
                  </a>
                </div>
              </div>
            </div>
            <span>
              User Ranking
            </span>
          </div>
        </div>
      </header>
      <div
        className="card-content"
      >
        <div
          className="container-fluid mini-card"
        >
          <div
            className="columns is-mobile"
          >
            <div
              className="column is-1 is-hidden-tablet-only"
            >
              <p
                className="user-list-card-number"
              >
                <strong>
                  1
                </strong>
              </p>
            </div>
            <div
              className="column is-two-thirds"
            >
              <a
                href="/users/user4"
                onClick={[Function]}
              >
                <div>
                  <img
                    className="user-list-image"
                    src="https://avatars3.githubusercontent.com/u/6791502?v=3&s=200"
                  />
                  <span
                    className="user-list-username-text"
                  >
                    user4
                  </span>
                </div>
              </a>
            </div>
            <div
              className="column is-3"
            >
              <p
                className="user-list-card-ranking-number"
              >
                75
              </p>
            </div>
          </div>
        </div>
        <div
          className="container-fluid mini-card"
        >
          <div
            className="columns is-mobile"
          >
            <div
              className="column is-1 is-hidden-tablet-only"
            >
              <p
                className="user-list-card-number"
              >
                <strong>
                  2
                </strong>
              </p>
            </div>
            <div
              className="column is-two-thirds"
            >
              <a
                href="/users/user3"
                onClick={[Function]}
              >
                <div>
                  <img
                    className="user-list-image"
                    src="https://avatars3.githubusercontent.com/u/6791502?v=3&s=200"
                  />
                  <span
                    className="user-list-username-text"
                  >
                    user3
                  </span>
                </div>
              </a>
            </div>
            <div
              className="column is-3"
            >
              <p
                className="user-list-card-ranking-number"
              >
                69
              </p>
            </div>
          </div>
        </div>
        <div
          className="container-fluid mini-card"
        >
          <div
            className="columns is-mobile"
          >
            <div
              className="column is-1 is-hidden-tablet-only"
            >
              <p
                className="user-list-card-number"
              >
                <strong>
                  3
                </strong>
              </p>
            </div>
            <div
              className="column is-two-thirds"
            >
              <a
                href="/users/user2"
                onClick={[Function]}
              >
                <div>
                  <img
                    className="user-list-image"
                    src="https://avatars3.githubusercontent.com/u/6791502?v=3&s=200"
                  />
                  <span
                    className="user-list-username-text"
                  >
                    user2
                  </span>
                </div>
              </a>
            </div>
            <div
              className="column is-3"
            >
              <p
                className="user-list-card-ranking-number"
              >
                66
              </p>
            </div>
          </div>
        </div>
        <div
          className="container-fluid mini-card"
        >
          <div
            className="columns is-mobile"
          >
            <div
              className="column is-1 is-hidden-tablet-only"
            >
              <p
                className="user-list-card-number"
              >
                <strong>
                  4
                </strong>
              </p>
            </div>
            <div
              className="column is-two-thirds"
            >
              <a
                href="/users/user1"
                onClick={[Function]}
              >
                <div>
                  <img
                    className="user-list-image"
                    src="https://avatars3.githubusercontent.com/u/6791502?v=3&s=200"
                  />
                  <span
                    className="user-list-username-text"
                  >
                    user1
                  </span>
                </div>
              </a>
            </div>
            <div
              className="column is-3"
            >
              <p
                className="user-list-card-ranking-number"
              >
                50
              </p>
            </div>
          </div>
        </div>
      </div>
    </div>
  </div>
</div>
`;
